2026-04-09 12:05:11,745 - INFO - 
--- TEXTO Anderson Teive E Argollo Dultra - SIM;AB;AB;SIM;SIM;AB.pdf ---
MODELO VOTO FECHADO
ASSEMBLEIA GERAL DE TITULARES DAS DEBÊNTURES (“DEBENTURISTAS”)
EMITIDAS ATRAVÉS DO. INSTRUMENTO PARTICULAR DE ESCRITURA DA
5ª (QUINTA) EMISSÃO DE DEBÊNTURES SIMPLES, NÃO CONVERSÍVEIS
EM AÇÕES, DA ESPÉCIE QUIROGRAFÁRIA, COM GARANTIA ADICIONAL
FIDEJUSSÓRIA, EM ATÉ 2 (DUAS) SÉRIES, PARA DISTRIBUIÇÃO PÚBLICA
COM ESFORÇOS RESTRITOS, DA RAÍZEN ENERGIA S.A, CONFORME ADITADO
(“ESCRITURA DE EMISSÃO” e “EMISSÃO”), a ser realizada em primeira convocação
em 09/04/2026, às 10h (“AGD”), de modo exclusivamente digital
Anderson Teive E Argollo Dultra, inscrito(a) no CPF/CNPJ sob o nº 90899245587, vem, por
meio deste, apresentar voto por escrito referente às deliberações acerca das seguintes matérias,
constantes da Ordem do Dia da assembleia em referência:
(1) Em relação à ratificação das eventuais medidas tomadas pelo Agente Fiduciário,
no âmbito da RE ou de procedimentos judiciais e/ou extrajudiciais dela decorrentes, em
defesa dos interesses dos Debenturistas, para cumprimento de
2026-04-09 12:05:11,753 - INFO - OK: Anderson Teive E Argollo Dultra - SIM;AB;AB;SIM;SIM;AB.pdf -> Anderson Teive E Argollo Dultranull Cliente - A, Fel, AB, A, A, A.pdf
2026-04-09 12:05:11,877 - INFO - 
--- TEXTO Gersson Antonio Schmidt - SIM;AB;AB;AB;AB;AB.pdf ---
MODELO VOTO FECHADO
ASSEMBLEIA GERAL DE TITULARES DAS DEBÊNTURES (“DEBENTURISTAS”)
EMITIDAS ATRAVÉS DO. INSTRUMENTO PARTICULAR DE ESCRITURA DA
5ª (QUINTA) EMISSÃO DE DEBÊNTURES SIMPLES, NÃO CONVERSÍVEIS
EM AÇÕES, DA ESPÉCIE QUIROGRAFÁRIA, COM GARANTIA ADICIONAL
FIDEJUSSÓRIA, EM ATÉ 2 (DUAS) SÉRIES, PARA DISTRIBUIÇÃO PÚBLICA
COM ESFORÇOS RESTRITOS, DA RAÍZEN ENERGIA S.A, CONFORME ADITADO
(“ESCRITURA DE EMISSÃO” e “EMISSÃO”), a ser realizada em primeira convocação
em 09/04/2026, às 10h (“AGD”), de modo exclusivamente digital
Gersson Antonio Schmidt, inscrito(a) no CPF/CNPJ sob o nº 31375286072, vem, por meio
deste, apresentar voto por escrito referente às deliberações acerca das seguintes matérias,
constantes da Ordem do Dia da assembleia em referência:
(1) Em relação à ratificação das eventuais medidas tomadas pelo Agente Fiduciário,
no âmbito da RE ou de procedimentos judiciais e/ou extrajudiciais dela decorrentes, em
defesa dos interesses dos Debenturistas, para cumprimento de eventua
2026-04-09 12:05:11,880 - INFO - OK: Gersson Antonio Schmidt - SIM;AB;AB;AB;AB;AB.pdf -> Gersson Antonio Schmidtnull Cliente - A, Fel, AB, A, A, A.pdf
2026-04-09 12:05:12,018 - INFO - 
--- TEXTO Guilherme Renan de Menezes Silva - SIM;AB;AB;SIM;SIM;SIM.pdf ---
MODELO VOTO FECHADO
ASSEMBLEIA GERAL DE TITULARES DAS DEBÊNTURES (“DEBENTURISTAS”)
EMITIDAS ATRAVÉS DO. INSTRUMENTO PARTICULAR DE ESCRITURA DA
5ª (QUINTA) EMISSÃO DE DEBÊNTURES SIMPLES, NÃO CONVERSÍVEIS
EM AÇÕES, DA ESPÉCIE QUIROGRAFÁRIA, COM GARANTIA ADICIONAL
FIDEJUSSÓRIA, EM ATÉ 2 (DUAS) SÉRIES, PARA DISTRIBUIÇÃO PÚBLICA
COM ESFORÇOS RESTRITOS, DA RAÍZEN ENERGIA S.A, CONFORME ADITADO
(“ESCRITURA DE EMISSÃO” e “EMISSÃO”), a ser realizada em primeira convocação
em 09/04/2026, às 10h (“AGD”), de modo exclusivamente digital
Guilherme Renan de Menezes Silva, inscrito(a) no CPF/CNPJ sob o nº 15438544786, vem,
por meio deste, apresentar voto por escrito referente às deliberações acerca das seguintes
matérias, constantes da Ordem do Dia da assembleia em referência:
(1) Em relação à ratificação das eventuais medidas tomadas pelo Agente Fiduciário,
no âmbito da RE ou de procedimentos judiciais e/ou extrajudiciais dela decorrentes, em
defesa dos interesses dos Debenturistas, para cumprimento d
2026-04-09 12:05:12,021 - INFO - OK: Guilherme Renan de Menezes Silva - SIM;AB;AB;SIM;SIM;SIM.pdf -> Guilherme Renan De Menezes Silvanull Cliente - A, Fel, AB, A, A, A.pdf
2026-04-09 12:05:12,152 - INFO - 
--- TEXTO Jose Paulo De Almeida Junior - SIM;FEL;BR;SIM;SIM;SIM.pdf ---
MODELO VOTO FECHADO
ASSEMBLEIA GERAL DE TITULARES DAS DEBÊNTURES (“DEBENTURISTAS”)
EMITIDAS ATRAVÉS DO. INSTRUMENTO PARTICULAR DE ESCRITURA DA
5ª (QUINTA) EMISSÃO DE DEBÊNTURES SIMPLES, NÃO CONVERSÍVEIS
EM AÇÕES, DA ESPÉCIE QUIROGRAFÁRIA, COM GARANTIA ADICIONAL
FIDEJUSSÓRIA, EM ATÉ 2 (DUAS) SÉRIES, PARA DISTRIBUIÇÃO PÚBLICA
COM ESFORÇOS RESTRITOS, DA RAÍZEN ENERGIA S.A, CONFORME ADITADO
(“ESCRITURA DE EMISSÃO” e “EMISSÃO”), a ser realizada em primeira convocação
em 09/04/2026, às 10h (“AGD”), de modo exclusivamente digital
Jose Paulo De Almeida Junior, inscrito(a) no CPF/CNPJ sob o nº 56380453091, vem, por
meio deste, apresentar voto por escrito referente às deliberações acerca das seguintes matérias,
constantes da Ordem do Dia da assembleia em referência:
(1) Em relação à ratificação das eventuais medidas tomadas pelo Agente Fiduciário,
no âmbito da RE ou de procedimentos judiciais e/ou extrajudiciais dela decorrentes, em
defesa dos interesses dos Debenturistas, para cumprimento de ev
2026-04-09 12:05:12,154 - INFO - OK: Jose Paulo De Almeida Junior - SIM;FEL;BR;SIM;SIM;SIM.pdf -> Jose Paulo De Almeida Juniornull Cliente - A, Fel, AB, A, A, A.pdf
2026-04-09 12:05:12,286 - INFO - 
--- TEXTO Luiza Midding - SIM;FEL;JOU;SIM;SIM;SIM.pdf ---
MODELO VOTO FECHADO
ASSEMBLEIA GERAL DE TITULARES DAS DEBÊNTURES (“DEBENTURISTAS”)
EMITIDAS ATRAVÉS DO. INSTRUMENTO PARTICULAR DE ESCRITURA DA
5ª (QUINTA) EMISSÃO DE DEBÊNTURES SIMPLES, NÃO CONVERSÍVEIS
EM AÇÕES, DA ESPÉCIE QUIROGRAFÁRIA, COM GARANTIA ADICIONAL
FIDEJUSSÓRIA, EM ATÉ 2 (DUAS) SÉRIES, PARA DISTRIBUIÇÃO PÚBLICA
COM ESFORÇOS RESTRITOS, DA RAÍZEN ENERGIA S.A, CONFORME ADITADO
(“ESCRITURA DE EMISSÃO” e “EMISSÃO”), a ser realizada em primeira convocação
em 09/04/2026, às 10h (“AGD”), de modo exclusivamente digital
Luiza Midding, inscrito(a) no CPF/CNPJ sob o nº 47141220968, vem, por meio deste,
apresentar voto por escrito referente às deliberações acerca das seguintes matérias, constantes
da Ordem do Dia da assembleia em referência:
(1) Em relação à ratificação das eventuais medidas tomadas pelo Agente Fiduciário,
no âmbito da RE ou de procedimentos judiciais e/ou extrajudiciais dela decorrentes, em
defesa dos interesses dos Debenturistas, para cumprimento de eventual prazo es
2026-04-09 12:05:12,289 - INFO - OK: Luiza Midding - SIM;FEL;JOU;SIM;SIM;SIM.pdf -> Luiza Middingnull Cliente - A, Fel, AB, A, A, A.pdf
2026-04-09 12:05:12,433 - INFO - 
--- TEXTO Maria Paula Ribeiro Bordin - SIM;MM;BR;SIM;SIM;SIM.pdf ---
MODELO VOTO FECHADO
ASSEMBLEIA GERAL DE TITULARES DAS DEBÊNTURES (“DEBENTURISTAS”)
EMITIDAS ATRAVÉS DO. INSTRUMENTO PARTICULAR DE ESCRITURA DA
5ª (QUINTA) EMISSÃO DE DEBÊNTURES SIMPLES, NÃO CONVERSÍVEIS
EM AÇÕES, DA ESPÉCIE QUIROGRAFÁRIA, COM GARANTIA ADICIONAL
FIDEJUSSÓRIA, EM ATÉ 2 (DUAS) SÉRIES, PARA DISTRIBUIÇÃO PÚBLICA
COM ESFORÇOS RESTRITOS, DA RAÍZEN ENERGIA S.A, CONFORME ADITADO
(“ESCRITURA DE EMISSÃO” e “EMISSÃO”), a ser realizada em primeira convocação
em 09/04/2026, às 10h (“AGD”), de modo exclusivamente digital
Maria Paula Ribeiro Bordin, inscrito(a) no CPF/CNPJ sob o nº 12689002817, vem, por meio
deste, apresentar voto por escrito referente às deliberações acerca das seguintes matérias,
constantes da Ordem do Dia da assembleia em referência:
(1) Em relação à ratificação das eventuais medidas tomadas pelo Agente Fiduciário,
no âmbito da RE ou de procedimentos judiciais e/ou extrajudiciais dela decorrentes, em
defesa dos interesses dos Debenturistas, para cumprimento de even
2026-04-09 12:05:12,436 - INFO - OK: Maria Paula Ribeiro Bordin - SIM;MM;BR;SIM;SIM;SIM.pdf -> Maria Paula Ribeiro Bordinnull Cliente - A, Fel, AB, A, A, A.pdf
2026-04-09 12:05:12,572 - INFO - 
--- TEXTO Matheus Livramento Dellagnelo - SIM;AB;AB;SIM;SIM;SIM.pdf ---
MODELO VOTO FECHADO
ASSEMBLEIA GERAL DE TITULARES DAS DEBÊNTURES (“DEBENTURISTAS”)
EMITIDAS ATRAVÉS DO. INSTRUMENTO PARTICULAR DE ESCRITURA DA
5ª (QUINTA) EMISSÃO DE DEBÊNTURES SIMPLES, NÃO CONVERSÍVEIS
EM AÇÕES, DA ESPÉCIE QUIROGRAFÁRIA, COM GARANTIA ADICIONAL
FIDEJUSSÓRIA, EM ATÉ 2 (DUAS) SÉRIES, PARA DISTRIBUIÇÃO PÚBLICA
COM ESFORÇOS RESTRITOS, DA RAÍZEN ENERGIA S.A, CONFORME ADITADO
(“ESCRITURA DE EMISSÃO” e “EMISSÃO”), a ser realizada em primeira convocação
em 09/04/2026, às 10h (“AGD”), de modo exclusivamente digital
Matheus Livramento Dellagnelo, inscrito(a) no CPF/CNPJ sob o nº 06729433957, vem, por
meio deste, apresentar voto por escrito referente às deliberações acerca das seguintes matérias,
constantes da Ordem do Dia da assembleia em referência:
(1) Em relação à ratificação das eventuais medidas tomadas pelo Agente Fiduciário,
no âmbito da RE ou de procedimentos judiciais e/ou extrajudiciais dela decorrentes, em
defesa dos interesses dos Debenturistas, para cumprimento de e
2026-04-09 12:05:12,574 - INFO - OK: Matheus Livramento Dellagnelo - SIM;AB;AB;SIM;SIM;SIM.pdf -> Matheus Livramento Dellagnelonull Cliente - A, Fel, AB, A, A, A.pdf
2026-04-09 12:05:12,705 - INFO - 
--- TEXTO Patrick Hoffmann Antunes - SIM;AB;BR;SIM;SIM;SIM.pdf ---
MODELO VOTO FECHADO
ASSEMBLEIA GERAL DE TITULARES DAS DEBÊNTURES (“DEBENTURISTAS”)
EMITIDAS ATRAVÉS DO. INSTRUMENTO PARTICULAR DE ESCRITURA DA
5ª (QUINTA) EMISSÃO DE DEBÊNTURES SIMPLES, NÃO CONVERSÍVEIS
EM AÇÕES, DA ESPÉCIE QUIROGRAFÁRIA, COM GARANTIA ADICIONAL
FIDEJUSSÓRIA, EM ATÉ 2 (DUAS) SÉRIES, PARA DISTRIBUIÇÃO PÚBLICA
COM ESFORÇOS RESTRITOS, DA RAÍZEN ENERGIA S.A, CONFORME ADITADO
(“ESCRITURA DE EMISSÃO” e “EMISSÃO”), a ser realizada em primeira convocação
em 09/04/2026, às 10h (“AGD”), de modo exclusivamente digital
Patrick Hoffmann Antunes, inscrito(a) no CPF/CNPJ sob o nº 00213881055, vem, por meio
deste, apresentar voto por escrito referente às deliberações acerca das seguintes matérias,
constantes da Ordem do Dia da assembleia em referência:
(1) Em relação à ratificação das eventuais medidas tomadas pelo Agente Fiduciário,
no âmbito da RE ou de procedimentos judiciais e/ou extrajudiciais dela decorrentes, em
defesa dos interesses dos Debenturistas, para cumprimento de eventu
2026-04-09 12:05:12,708 - INFO - OK: Patrick Hoffmann Antunes - SIM;AB;BR;SIM;SIM;SIM.pdf -> Patrick Hoffmann Antunesnull Cliente - A, Fel, AB, A, A, A.pdf
2026-04-09 12:05:12,850 - INFO - 
--- TEXTO PAULO SERGIO PATRICIO SANTOS - AB;AB;AB;AB;AB;AB.pdf ---
MODELO VOTO FECHADO
ASSEMBLEIA GERAL DE TITULARES DAS DEBÊNTURES (“DEBENTURISTAS”)
EMITIDAS ATRAVÉS DO. INSTRUMENTO PARTICULAR DE ESCRITURA DA
5ª (QUINTA) EMISSÃO DE DEBÊNTURES SIMPLES, NÃO CONVERSÍVEIS
EM AÇÕES, DA ESPÉCIE QUIROGRAFÁRIA, COM GARANTIA ADICIONAL
FIDEJUSSÓRIA, EM ATÉ 2 (DUAS) SÉRIES, PARA DISTRIBUIÇÃO PÚBLICA
COM ESFORÇOS RESTRITOS, DA RAÍZEN ENERGIA S.A, CONFORME ADITADO
(“ESCRITURA DE EMISSÃO” e “EMISSÃO”), a ser realizada em primeira convocação
em 09/04/2026, às 10h (“AGD”), de modo exclusivamente digital
PAULO SERGIO PATRICIO SANTOS, inscrito(a) no CPF/CNPJ sob o nº 14350820604,
vem, por meio deste, apresentar voto por escrito referente às deliberações acerca das seguintes
matérias, constantes da Ordem do Dia da assembleia em referência:
(1) Em relação à ratificação das eventuais medidas tomadas pelo Agente Fiduciário,
no âmbito da RE ou de procedimentos judiciais e/ou extrajudiciais dela decorrentes, em
defesa dos interesses dos Debenturistas, para cumprimento de ev
2026-04-09 12:05:12,852 - INFO - OK: PAULO SERGIO PATRICIO SANTOS - AB;AB;AB;AB;AB;AB.pdf -> Paulo Sergio Patricio Santosnull Cliente - A, Fel, AB, A, A, A.pdf
2026-04-09 12:05:12,991 - INFO - 
--- TEXTO Ranier Mews - SIM;AB;AB;SIM;SIM;SIM.pdf ---
MODELO VOTO FECHADO
ASSEMBLEIA GERAL DE TITULARES DAS DEBÊNTURES (“DEBENTURISTAS”)
EMITIDAS ATRAVÉS DO. INSTRUMENTO PARTICULAR DE ESCRITURA DA
5ª (QUINTA) EMISSÃO DE DEBÊNTURES SIMPLES, NÃO CONVERSÍVEIS
EM AÇÕES, DA ESPÉCIE QUIROGRAFÁRIA, COM GARANTIA ADICIONAL
FIDEJUSSÓRIA, EM ATÉ 2 (DUAS) SÉRIES, PARA DISTRIBUIÇÃO PÚBLICA
COM ESFORÇOS RESTRITOS, DA RAÍZEN ENERGIA S.A, CONFORME ADITADO
(“ESCRITURA DE EMISSÃO” e “EMISSÃO”), a ser realizada em primeira convocação
em 09/04/2026, às 10h (“AGD”), de modo exclusivamente digital
Ranier Mews, inscrito(a) no CPF/CNPJ sob o nº 04389224921, vem, por meio deste,
apresentar voto por escrito referente às deliberações acerca das seguintes matérias, constantes
da Ordem do Dia da assembleia em referência:
(1) Em relação à ratificação das eventuais medidas tomadas pelo Agente Fiduciário,
no âmbito da RE ou de procedimentos judiciais e/ou extrajudiciais dela decorrentes, em
defesa dos interesses dos Debenturistas, para cumprimento de eventual prazo esta
2026-04-09 12:05:12,993 - INFO - OK: Ranier Mews - SIM;AB;AB;SIM;SIM;SIM.pdf -> Ranier Mewsnull Cliente - A, Fel, AB, A, A, A.pdf
2026-04-09 12:05:13,129 - INFO - 
--- TEXTO Sandro Roberto dos Santos Pereira - SIM;AB;AB;AB;NÃO;NÃO.pdf ---
MODELO VOTO FECHADO
ASSEMBLEIA GERAL DE TITULARES DAS DEBÊNTURES (“DEBENTURISTAS”)
EMITIDAS ATRAVÉS DO. INSTRUMENTO PARTICULAR DE ESCRITURA DA
5ª (QUINTA) EMISSÃO DE DEBÊNTURES SIMPLES, NÃO CONVERSÍVEIS
EM AÇÕES, DA ESPÉCIE QUIROGRAFÁRIA, COM GARANTIA ADICIONAL
FIDEJUSSÓRIA, EM ATÉ 2 (DUAS) SÉRIES, PARA DISTRIBUIÇÃO PÚBLICA
COM ESFORÇOS RESTRITOS, DA RAÍZEN ENERGIA S.A, CONFORME ADITADO
(“ESCRITURA DE EMISSÃO” e “EMISSÃO”), a ser realizada em primeira convocação
em 09/04/2026, às 10h (“AGD”), de modo exclusivamente digital
Sandro Roberto dos Santos Pereira, inscrito(a) no CPF/CNPJ sob o nº 15183215855, vem, por
meio deste, apresentar voto por escrito referente às deliberações acerca das seguintes matérias,
constantes da Ordem do Dia da assembleia em referência:
(1) Em relação à ratificação das eventuais medidas tomadas pelo Agente Fiduciário,
no âmbito da RE ou de procedimentos judiciais e/ou extrajudiciais dela decorrentes, em
defesa dos interesses dos Debenturistas, para cumprimento 
2026-04-09 12:05:13,131 - INFO - OK: Sandro Roberto dos Santos Pereira - SIM;AB;AB;AB;NÃO;NÃO.pdf -> Sandro Roberto Dos Santos Pereiranull Cliente - A, Fel, AB, A, A, A.pdf
2026-04-09 12:05:13,254 - INFO - 
--- TEXTO Valdir Borges Da Silva - AB;AB;AB;AB;AB;AB.pdf ---
MODELO VOTO FECHADO
ASSEMBLEIA GERAL DE TITULARES DAS DEBÊNTURES (“DEBENTURISTAS”)
EMITIDAS ATRAVÉS DO. INSTRUMENTO PARTICULAR DE ESCRITURA DA
5ª (QUINTA) EMISSÃO DE DEBÊNTURES SIMPLES, NÃO CONVERSÍVEIS
EM AÇÕES, DA ESPÉCIE QUIROGRAFÁRIA, COM GARANTIA ADICIONAL
FIDEJUSSÓRIA, EM ATÉ 2 (DUAS) SÉRIES, PARA DISTRIBUIÇÃO PÚBLICA
COM ESFORÇOS RESTRITOS, DA RAÍZEN ENERGIA S.A, CONFORME ADITADO
(“ESCRITURA DE EMISSÃO” e “EMISSÃO”), a ser realizada em primeira convocação
em 09/04/2026, às 10h (“AGD”), de modo exclusivamente digital
Valdir Borges Da Silva, inscrito(a) no CPF/CNPJ sob o nº 15485846653, vem, por meio
deste, apresentar voto por escrito referente às deliberações acerca das seguintes matérias,
constantes da Ordem do Dia da assembleia em referência:
(1) Em relação à ratificação das eventuais medidas tomadas pelo Agente Fiduciário,
no âmbito da RE ou de procedimentos judiciais e/ou extrajudiciais dela decorrentes, em
defesa dos interesses dos Debenturistas, para cumprimento de eventual
2026-04-09 12:05:13,256 - INFO - OK: Valdir Borges Da Silva - AB;AB;AB;AB;AB;AB.pdf -> Valdir Borges Da Silvanull Cliente - A, Fel, AB, A, A, A.pdf
2026-04-09 12:08:31,689 - INFO - 
--- TEXTO flfdfksjphtr.pdf ---
MODELO VOTO FECHADO
ASSEMBLEIA GERAL DE TITULARES DAS DEBÊNTURES (“DEBENTURISTAS”)
EMITIDAS ATRAVÉS DO. INSTRUMENTO PARTICULAR DE ESCRITURA DA
5ª (QUINTA) EMISSÃO DE DEBÊNTURES SIMPLES, NÃO CONVERSÍVEIS
EM AÇÕES, DA ESPÉCIE QUIROGRAFÁRIA, COM GARANTIA ADICIONAL
FIDEJUSSÓRIA, EM ATÉ 2 (DUAS) SÉRIES, PARA DISTRIBUIÇÃO PÚBLICA
COM ESFORÇOS RESTRITOS, DA RAÍZEN ENERGIA S.A, CONFORME ADITADO
(“ESCRITURA DE EMISSÃO” e “EMISSÃO”), a ser realizada em primeira convocação
em 09/04/2026, às 10h (“AGD”), de modo exclusivamente digital
Anderson Teive E Argollo Dultra, inscrito(a) no CPF/CNPJ sob o nº 90899245587, vem, por
meio deste, apresentar voto por escrito referente às deliberações acerca das seguintes matérias,
constantes da Ordem do Dia da assembleia em referência:
(1) Em relação à ratificação das eventuais medidas tomadas pelo Agente Fiduciário,
no âmbito da RE ou de procedimentos judiciais e/ou extrajudiciais dela decorrentes, em
defesa dos interesses dos Debenturistas, para cumprimento de
2026-04-09 12:08:31,694 - INFO - OK: flfdfksjphtr.pdf -> Anderson Teive E Argollo Dultranull Cliente - A, Fel, AB, A, A, A.pdf
2026-04-09 12:08:31,821 - INFO - 
--- TEXTO Gersson Antonio Schmidtnull Cliente - A, Fel, AB, A, A, A.pdf ---
MODELO VOTO FECHADO
ASSEMBLEIA GERAL DE TITULARES DAS DEBÊNTURES (“DEBENTURISTAS”)
EMITIDAS ATRAVÉS DO. INSTRUMENTO PARTICULAR DE ESCRITURA DA
5ª (QUINTA) EMISSÃO DE DEBÊNTURES SIMPLES, NÃO CONVERSÍVEIS
EM AÇÕES, DA ESPÉCIE QUIROGRAFÁRIA, COM GARANTIA ADICIONAL
FIDEJUSSÓRIA, EM ATÉ 2 (DUAS) SÉRIES, PARA DISTRIBUIÇÃO PÚBLICA
COM ESFORÇOS RESTRITOS, DA RAÍZEN ENERGIA S.A, CONFORME ADITADO
(“ESCRITURA DE EMISSÃO” e “EMISSÃO”), a ser realizada em primeira convocação
em 09/04/2026, às 10h (“AGD”), de modo exclusivamente digital
Gersson Antonio Schmidt, inscrito(a) no CPF/CNPJ sob o nº 31375286072, vem, por meio
deste, apresentar voto por escrito referente às deliberações acerca das seguintes matérias,
constantes da Ordem do Dia da assembleia em referência:
(1) Em relação à ratificação das eventuais medidas tomadas pelo Agente Fiduciário,
no âmbito da RE ou de procedimentos judiciais e/ou extrajudiciais dela decorrentes, em
defesa dos interesses dos Debenturistas, para cumprimento de eventua
2026-04-09 12:08:31,823 - INFO - OK: Gersson Antonio Schmidtnull Cliente - A, Fel, AB, A, A, A.pdf -> Gersson Antonio Schmidtnull Cliente - A, Fel, AB, A, A, A.pdf
2026-04-09 12:08:31,955 - INFO - 
--- TEXTO Guilherme Renan De Menezes Silvanull Cliente - A, Fel, AB, A, A, A.pdf ---
MODELO VOTO FECHADO
ASSEMBLEIA GERAL DE TITULARES DAS DEBÊNTURES (“DEBENTURISTAS”)
EMITIDAS ATRAVÉS DO. INSTRUMENTO PARTICULAR DE ESCRITURA DA
5ª (QUINTA) EMISSÃO DE DEBÊNTURES SIMPLES, NÃO CONVERSÍVEIS
EM AÇÕES, DA ESPÉCIE QUIROGRAFÁRIA, COM GARANTIA ADICIONAL
FIDEJUSSÓRIA, EM ATÉ 2 (DUAS) SÉRIES, PARA DISTRIBUIÇÃO PÚBLICA
COM ESFORÇOS RESTRITOS, DA RAÍZEN ENERGIA S.A, CONFORME ADITADO
(“ESCRITURA DE EMISSÃO” e “EMISSÃO”), a ser realizada em primeira convocação
em 09/04/2026, às 10h (“AGD”), de modo exclusivamente digital
Guilherme Renan de Menezes Silva, inscrito(a) no CPF/CNPJ sob o nº 15438544786, vem,
por meio deste, apresentar voto por escrito referente às deliberações acerca das seguintes
matérias, constantes da Ordem do Dia da assembleia em referência:
(1) Em relação à ratificação das eventuais medidas tomadas pelo Agente Fiduciário,
no âmbito da RE ou de procedimentos judiciais e/ou extrajudiciais dela decorrentes, em
defesa dos interesses dos Debenturistas, para cumprimento d
2026-04-09 12:08:31,958 - INFO - OK: Guilherme Renan De Menezes Silvanull Cliente - A, Fel, AB, A, A, A.pdf -> Guilherme Renan De Menezes Silvanull Cliente - A, Fel, AB, A, A, A.pdf
2026-04-09 12:08:32,081 - INFO - 
--- TEXTO Jose Paulo De Almeida Juniornull Cliente - A, Fel, AB, A, A, A.pdf ---
MODELO VOTO FECHADO
ASSEMBLEIA GERAL DE TITULARES DAS DEBÊNTURES (“DEBENTURISTAS”)
EMITIDAS ATRAVÉS DO. INSTRUMENTO PARTICULAR DE ESCRITURA DA
5ª (QUINTA) EMISSÃO DE DEBÊNTURES SIMPLES, NÃO CONVERSÍVEIS
EM AÇÕES, DA ESPÉCIE QUIROGRAFÁRIA, COM GARANTIA ADICIONAL
FIDEJUSSÓRIA, EM ATÉ 2 (DUAS) SÉRIES, PARA DISTRIBUIÇÃO PÚBLICA
COM ESFORÇOS RESTRITOS, DA RAÍZEN ENERGIA S.A, CONFORME ADITADO
(“ESCRITURA DE EMISSÃO” e “EMISSÃO”), a ser realizada em primeira convocação
em 09/04/2026, às 10h (“AGD”), de modo exclusivamente digital
Jose Paulo De Almeida Junior, inscrito(a) no CPF/CNPJ sob o nº 56380453091, vem, por
meio deste, apresentar voto por escrito referente às deliberações acerca das seguintes matérias,
constantes da Ordem do Dia da assembleia em referência:
(1) Em relação à ratificação das eventuais medidas tomadas pelo Agente Fiduciário,
no âmbito da RE ou de procedimentos judiciais e/ou extrajudiciais dela decorrentes, em
defesa dos interesses dos Debenturistas, para cumprimento de ev
2026-04-09 12:08:32,083 - INFO - OK: Jose Paulo De Almeida Juniornull Cliente - A, Fel, AB, A, A, A.pdf -> Jose Paulo De Almeida Juniornull Cliente - A, Fel, AB, A, A, A.pdf
2026-04-09 12:08:32,206 - INFO - 
--- TEXTO Luiza Middingnull Cliente - A, Fel, AB, A, A, A.pdf ---
MODELO VOTO FECHADO
ASSEMBLEIA GERAL DE TITULARES DAS DEBÊNTURES (“DEBENTURISTAS”)
EMITIDAS ATRAVÉS DO. INSTRUMENTO PARTICULAR DE ESCRITURA DA
5ª (QUINTA) EMISSÃO DE DEBÊNTURES SIMPLES, NÃO CONVERSÍVEIS
EM AÇÕES, DA ESPÉCIE QUIROGRAFÁRIA, COM GARANTIA ADICIONAL
FIDEJUSSÓRIA, EM ATÉ 2 (DUAS) SÉRIES, PARA DISTRIBUIÇÃO PÚBLICA
COM ESFORÇOS RESTRITOS, DA RAÍZEN ENERGIA S.A, CONFORME ADITADO
(“ESCRITURA DE EMISSÃO” e “EMISSÃO”), a ser realizada em primeira convocação
em 09/04/2026, às 10h (“AGD”), de modo exclusivamente digital
Luiza Midding, inscrito(a) no CPF/CNPJ sob o nº 47141220968, vem, por meio deste,
apresentar voto por escrito referente às deliberações acerca das seguintes matérias, constantes
da Ordem do Dia da assembleia em referência:
(1) Em relação à ratificação das eventuais medidas tomadas pelo Agente Fiduciário,
no âmbito da RE ou de procedimentos judiciais e/ou extrajudiciais dela decorrentes, em
defesa dos interesses dos Debenturistas, para cumprimento de eventual prazo es
2026-04-09 12:08:32,209 - INFO - OK: Luiza Middingnull Cliente - A, Fel, AB, A, A, A.pdf -> Luiza Middingnull Cliente - A, Fel, AB, A, A, A.pdf
2026-04-09 12:08:32,340 - INFO - 
--- TEXTO Maria Paula Ribeiro Bordinnull Cliente - A, Fel, AB, A, A, A.pdf ---
MODELO VOTO FECHADO
ASSEMBLEIA GERAL DE TITULARES DAS DEBÊNTURES (“DEBENTURISTAS”)
EMITIDAS ATRAVÉS DO. INSTRUMENTO PARTICULAR DE ESCRITURA DA
5ª (QUINTA) EMISSÃO DE DEBÊNTURES SIMPLES, NÃO CONVERSÍVEIS
EM AÇÕES, DA ESPÉCIE QUIROGRAFÁRIA, COM GARANTIA ADICIONAL
FIDEJUSSÓRIA, EM ATÉ 2 (DUAS) SÉRIES, PARA DISTRIBUIÇÃO PÚBLICA
COM ESFORÇOS RESTRITOS, DA RAÍZEN ENERGIA S.A, CONFORME ADITADO
(“ESCRITURA DE EMISSÃO” e “EMISSÃO”), a ser realizada em primeira convocação
em 09/04/2026, às 10h (“AGD”), de modo exclusivamente digital
Maria Paula Ribeiro Bordin, inscrito(a) no CPF/CNPJ sob o nº 12689002817, vem, por meio
deste, apresentar voto por escrito referente às deliberações acerca das seguintes matérias,
constantes da Ordem do Dia da assembleia em referência:
(1) Em relação à ratificação das eventuais medidas tomadas pelo Agente Fiduciário,
no âmbito da RE ou de procedimentos judiciais e/ou extrajudiciais dela decorrentes, em
defesa dos interesses dos Debenturistas, para cumprimento de even
2026-04-09 12:08:32,343 - INFO - OK: Maria Paula Ribeiro Bordinnull Cliente - A, Fel, AB, A, A, A.pdf -> Maria Paula Ribeiro Bordinnull Cliente - A, Fel, AB, A, A, A.pdf
2026-04-09 12:08:32,475 - INFO - 
--- TEXTO Matheus Livramento Dellagnelonull Cliente - A, Fel, AB, A, A, A.pdf ---
MODELO VOTO FECHADO
ASSEMBLEIA GERAL DE TITULARES DAS DEBÊNTURES (“DEBENTURISTAS”)
EMITIDAS ATRAVÉS DO. INSTRUMENTO PARTICULAR DE ESCRITURA DA
5ª (QUINTA) EMISSÃO DE DEBÊNTURES SIMPLES, NÃO CONVERSÍVEIS
EM AÇÕES, DA ESPÉCIE QUIROGRAFÁRIA, COM GARANTIA ADICIONAL
FIDEJUSSÓRIA, EM ATÉ 2 (DUAS) SÉRIES, PARA DISTRIBUIÇÃO PÚBLICA
COM ESFORÇOS RESTRITOS, DA RAÍZEN ENERGIA S.A, CONFORME ADITADO
(“ESCRITURA DE EMISSÃO” e “EMISSÃO”), a ser realizada em primeira convocação
em 09/04/2026, às 10h (“AGD”), de modo exclusivamente digital
Matheus Livramento Dellagnelo, inscrito(a) no CPF/CNPJ sob o nº 06729433957, vem, por
meio deste, apresentar voto por escrito referente às deliberações acerca das seguintes matérias,
constantes da Ordem do Dia da assembleia em referência:
(1) Em relação à ratificação das eventuais medidas tomadas pelo Agente Fiduciário,
no âmbito da RE ou de procedimentos judiciais e/ou extrajudiciais dela decorrentes, em
defesa dos interesses dos Debenturistas, para cumprimento de e
2026-04-09 12:08:32,478 - INFO - OK: Matheus Livramento Dellagnelonull Cliente - A, Fel, AB, A, A, A.pdf -> Matheus Livramento Dellagnelonull Cliente - A, Fel, AB, A, A, A.pdf
2026-04-09 12:08:32,601 - INFO - 
--- TEXTO Patrick Hoffmann Antunesnull Cliente - A, Fel, AB, A, A, A.pdf ---
MODELO VOTO FECHADO
ASSEMBLEIA GERAL DE TITULARES DAS DEBÊNTURES (“DEBENTURISTAS”)
EMITIDAS ATRAVÉS DO. INSTRUMENTO PARTICULAR DE ESCRITURA DA
5ª (QUINTA) EMISSÃO DE DEBÊNTURES SIMPLES, NÃO CONVERSÍVEIS
EM AÇÕES, DA ESPÉCIE QUIROGRAFÁRIA, COM GARANTIA ADICIONAL
FIDEJUSSÓRIA, EM ATÉ 2 (DUAS) SÉRIES, PARA DISTRIBUIÇÃO PÚBLICA
COM ESFORÇOS RESTRITOS, DA RAÍZEN ENERGIA S.A, CONFORME ADITADO
(“ESCRITURA DE EMISSÃO” e “EMISSÃO”), a ser realizada em primeira convocação
em 09/04/2026, às 10h (“AGD”), de modo exclusivamente digital
Patrick Hoffmann Antunes, inscrito(a) no CPF/CNPJ sob o nº 00213881055, vem, por meio
deste, apresentar voto por escrito referente às deliberações acerca das seguintes matérias,
constantes da Ordem do Dia da assembleia em referência:
(1) Em relação à ratificação das eventuais medidas tomadas pelo Agente Fiduciário,
no âmbito da RE ou de procedimentos judiciais e/ou extrajudiciais dela decorrentes, em
defesa dos interesses dos Debenturistas, para cumprimento de eventu
2026-04-09 12:08:32,603 - INFO - OK: Patrick Hoffmann Antunesnull Cliente - A, Fel, AB, A, A, A.pdf -> Patrick Hoffmann Antunesnull Cliente - A, Fel, AB, A, A, A.pdf
2026-04-09 12:08:32,732 - INFO - 
--- TEXTO Paulo Sergio Patricio Santosnull Cliente - A, Fel, AB, A, A, A.pdf ---
MODELO VOTO FECHADO
ASSEMBLEIA GERAL DE TITULARES DAS DEBÊNTURES (“DEBENTURISTAS”)
EMITIDAS ATRAVÉS DO. INSTRUMENTO PARTICULAR DE ESCRITURA DA
5ª (QUINTA) EMISSÃO DE DEBÊNTURES SIMPLES, NÃO CONVERSÍVEIS
EM AÇÕES, DA ESPÉCIE QUIROGRAFÁRIA, COM GARANTIA ADICIONAL
FIDEJUSSÓRIA, EM ATÉ 2 (DUAS) SÉRIES, PARA DISTRIBUIÇÃO PÚBLICA
COM ESFORÇOS RESTRITOS, DA RAÍZEN ENERGIA S.A, CONFORME ADITADO
(“ESCRITURA DE EMISSÃO” e “EMISSÃO”), a ser realizada em primeira convocação
em 09/04/2026, às 10h (“AGD”), de modo exclusivamente digital
PAULO SERGIO PATRICIO SANTOS, inscrito(a) no CPF/CNPJ sob o nº 14350820604,
vem, por meio deste, apresentar voto por escrito referente às deliberações acerca das seguintes
matérias, constantes da Ordem do Dia da assembleia em referência:
(1) Em relação à ratificação das eventuais medidas tomadas pelo Agente Fiduciário,
no âmbito da RE ou de procedimentos judiciais e/ou extrajudiciais dela decorrentes, em
defesa dos interesses dos Debenturistas, para cumprimento de ev
2026-04-09 12:08:32,735 - INFO - OK: Paulo Sergio Patricio Santosnull Cliente - A, Fel, AB, A, A, A.pdf -> Paulo Sergio Patricio Santosnull Cliente - A, Fel, AB, A, A, A.pdf
2026-04-09 12:08:32,866 - INFO - 
--- TEXTO Ranier Mewsnull Cliente - A, Fel, AB, A, A, A.pdf ---
MODELO VOTO FECHADO
ASSEMBLEIA GERAL DE TITULARES DAS DEBÊNTURES (“DEBENTURISTAS”)
EMITIDAS ATRAVÉS DO. INSTRUMENTO PARTICULAR DE ESCRITURA DA
5ª (QUINTA) EMISSÃO DE DEBÊNTURES SIMPLES, NÃO CONVERSÍVEIS
EM AÇÕES, DA ESPÉCIE QUIROGRAFÁRIA, COM GARANTIA ADICIONAL
FIDEJUSSÓRIA, EM ATÉ 2 (DUAS) SÉRIES, PARA DISTRIBUIÇÃO PÚBLICA
COM ESFORÇOS RESTRITOS, DA RAÍZEN ENERGIA S.A, CONFORME ADITADO
(“ESCRITURA DE EMISSÃO” e “EMISSÃO”), a ser realizada em primeira convocação
em 09/04/2026, às 10h (“AGD”), de modo exclusivamente digital
Ranier Mews, inscrito(a) no CPF/CNPJ sob o nº 04389224921, vem, por meio deste,
apresentar voto por escrito referente às deliberações acerca das seguintes matérias, constantes
da Ordem do Dia da assembleia em referência:
(1) Em relação à ratificação das eventuais medidas tomadas pelo Agente Fiduciário,
no âmbito da RE ou de procedimentos judiciais e/ou extrajudiciais dela decorrentes, em
defesa dos interesses dos Debenturistas, para cumprimento de eventual prazo esta
2026-04-09 12:08:32,869 - INFO - OK: Ranier Mewsnull Cliente - A, Fel, AB, A, A, A.pdf -> Ranier Mewsnull Cliente - A, Fel, AB, A, A, A.pdf
2026-04-09 12:08:33,002 - INFO - 
--- TEXTO Sandro Roberto Dos Santos Pereiranull Cliente - A, Fel, AB, A, A, A.pdf ---
MODELO VOTO FECHADO
ASSEMBLEIA GERAL DE TITULARES DAS DEBÊNTURES (“DEBENTURISTAS”)
EMITIDAS ATRAVÉS DO. INSTRUMENTO PARTICULAR DE ESCRITURA DA
5ª (QUINTA) EMISSÃO DE DEBÊNTURES SIMPLES, NÃO CONVERSÍVEIS
EM AÇÕES, DA ESPÉCIE QUIROGRAFÁRIA, COM GARANTIA ADICIONAL
FIDEJUSSÓRIA, EM ATÉ 2 (DUAS) SÉRIES, PARA DISTRIBUIÇÃO PÚBLICA
COM ESFORÇOS RESTRITOS, DA RAÍZEN ENERGIA S.A, CONFORME ADITADO
(“ESCRITURA DE EMISSÃO” e “EMISSÃO”), a ser realizada em primeira convocação
em 09/04/2026, às 10h (“AGD”), de modo exclusivamente digital
Sandro Roberto dos Santos Pereira, inscrito(a) no CPF/CNPJ sob o nº 15183215855, vem, por
meio deste, apresentar voto por escrito referente às deliberações acerca das seguintes matérias,
constantes da Ordem do Dia da assembleia em referência:
(1) Em relação à ratificação das eventuais medidas tomadas pelo Agente Fiduciário,
no âmbito da RE ou de procedimentos judiciais e/ou extrajudiciais dela decorrentes, em
defesa dos interesses dos Debenturistas, para cumprimento 
2026-04-09 12:08:33,004 - INFO - OK: Sandro Roberto Dos Santos Pereiranull Cliente - A, Fel, AB, A, A, A.pdf -> Sandro Roberto Dos Santos Pereiranull Cliente - A, Fel, AB, A, A, A.pdf
2026-04-09 12:08:33,123 - INFO - 
--- TEXTO Valdir Borges Da Silvanull Cliente - A, Fel, AB, A, A, A.pdf ---
MODELO VOTO FECHADO
ASSEMBLEIA GERAL DE TITULARES DAS DEBÊNTURES (“DEBENTURISTAS”)
EMITIDAS ATRAVÉS DO. INSTRUMENTO PARTICULAR DE ESCRITURA DA
5ª (QUINTA) EMISSÃO DE DEBÊNTURES SIMPLES, NÃO CONVERSÍVEIS
EM AÇÕES, DA ESPÉCIE QUIROGRAFÁRIA, COM GARANTIA ADICIONAL
FIDEJUSSÓRIA, EM ATÉ 2 (DUAS) SÉRIES, PARA DISTRIBUIÇÃO PÚBLICA
COM ESFORÇOS RESTRITOS, DA RAÍZEN ENERGIA S.A, CONFORME ADITADO
(“ESCRITURA DE EMISSÃO” e “EMISSÃO”), a ser realizada em primeira convocação
em 09/04/2026, às 10h (“AGD”), de modo exclusivamente digital
Valdir Borges Da Silva, inscrito(a) no CPF/CNPJ sob o nº 15485846653, vem, por meio
deste, apresentar voto por escrito referente às deliberações acerca das seguintes matérias,
constantes da Ordem do Dia da assembleia em referência:
(1) Em relação à ratificação das eventuais medidas tomadas pelo Agente Fiduciário,
no âmbito da RE ou de procedimentos judiciais e/ou extrajudiciais dela decorrentes, em
defesa dos interesses dos Debenturistas, para cumprimento de eventual
2026-04-09 12:08:33,125 - INFO - OK: Valdir Borges Da Silvanull Cliente - A, Fel, AB, A, A, A.pdf -> Valdir Borges Da Silvanull Cliente - A, Fel, AB, A, A, A.pdf
